Traceback (most recent call last):
  File "/home/madhu/repos/jac_llm_data/scripts/eval/eval_jac.py", line 782, in <module>
    raise SystemExit(main())
                     ~~~~^^
  File "/home/madhu/repos/jac_llm_data/scripts/eval/eval_jac.py", line 732, in main
    index, row = future.result()
                 ~~~~~~~~~~~~~^^
  File "/usr/lib/python3.13/concurrent/futures/_base.py", line 449, in result
    return self.__get_result()
           ~~~~~~~~~~~~~~~~~^^
  File "/usr/lib/python3.13/concurrent/futures/_base.py", line 401, in __get_result
    raise self._exception
  File "/usr/lib/python3.13/concurrent/futures/thread.py", line 59, in run
    result = self.fn(*self.args, **self.kwargs)
  File "/home/madhu/repos/jac_llm_data/scripts/eval/eval_jac.py", line 467, in grade_one
    test_file.write_text(header + hidden_tests.rstrip() + "\n", encoding="utf-8")
    ~~~~~~~~~~~~~~~~~~~~^^^^^^^^^^^^^^^^^^^^^^^^^^^^^^^^^^^^^^^^^^^^^^^^^^^^^^^^^
  File "/usr/lib/python3.13/pathlib/_local.py", line 555, in write_text
    return PathBase.write_text(self, data, encoding, errors, newline)
           ~~~~~~~~~~~~~~~~~~~^^^^^^^^^^^^^^^^^^^^^^^^^^^^^^^^^^^^^^^
  File "/usr/lib/python3.13/pathlib/_abc.py", line 651, in write_text
    with self.open(mode='w', encoding=encoding, errors=errors, newline=newline) as f:
         ~~~~~~~~~^^^^^^^^^^^^^^^^^^^^^^^^^^^^^^^^^^^^^^^^^^^^^^^^^^^^^^^^^^^^^
OSError: [Errno 28] No space left on device
GRADER_EXIT=1
